DEBUG:lightify:sending "070002130000070201"
DEBUG:lightify:2
DEBUG:lightify:Length 309
DEBUG:lightify:Expected 309
DEBUG:lightify:received "309 3501"
DEBUG:lightify:received "    ˜a`  &„  dƒ  ÿP16TW 01                qgg  &„  2‡  ÿP16TW 02                ’;˜  &„  dƒ  ÿP16TW 03                ÓX‹g  &„  2ƒ  ÿP16TW 04                ÷W\•  &„  2ƒ  ÿP16TW 05                ?Ðx•  &„  2ƒ  ÿP16TW 06                "
DEBUG:lightify:num: 6
DEBUG:lightify:0 9 50
DEBUG:lightify:light: 6198 841826000001600e P16TW 01 0
DEBUG:lightify:status: 0 ff
DEBUG:lightify:onoff: 1
DEBUG:lightify:temp:  4739
DEBUG:lightify:lum:   100
DEBUG:lightify:red:   1
DEBUG:lightify:green: 0
DEBUG:lightify:blue:  0
DEBUG:lightify:1 59 50
DEBUG:lightify:light: 271 8418260000016767 P16TW 02 0
DEBUG:lightify:status: 0 ff
DEBUG:lightify:onoff: 1
DEBUG:lightify:temp:  6535
DEBUG:lightify:lum:   50
DEBUG:lightify:red:   1
DEBUG:lightify:green: 0
DEBUG:lightify:blue:  0
DEBUG:lightify:2 109 50
DEBUG:lightify:light: 9213 841826000001983b P16TW 03 0
DEBUG:lightify:status: 0 ff
DEBUG:lightify:onoff: 1
DEBUG:lightify:temp:  4739
DEBUG:lightify:lum:   100
DEBUG:lightify:red:   1
DEBUG:lightify:green: 0
DEBUG:lightify:blue:  0
DEBUG:lightify:3 159 50
DEBUG:lightify:light: 58d3 841826000001678b P16TW 04 0
DEBUG:lightify:status: 0 ff
DEBUG:lightify:onoff: 1
DEBUG:lightify:temp:  4739
DEBUG:lightify:lum:   50
DEBUG:lightify:red:   1
DEBUG:lightify:green: 0
DEBUG:lightify:blue:  0
DEBUG:lightify:4 209 50
DEBUG:lightify:light: 57f7 841826000001955c P16TW 05 0
DEBUG:lightify:status: 0 ff
DEBUG:lightify:onoff: 1
DEBUG:lightify:temp:  4739
DEBUG:lightify:lum:   50
DEBUG:lightify:red:   1
DEBUG:lightify:green: 0
DEBUG:lightify:blue:  0
DEBUG:lightify:5 259 50
DEBUG:lightify:light: d03f 8418260000019578 P16TW 06 0
DEBUG:lightify:status: 0 ff
DEBUG:lightify:onoff: 1
DEBUG:lightify:temp:  4739
DEBUG:lightify:lum:   50
DEBUG:lightify:red:   1
DEBUG:lightify:green: 0
DEBUG:lightify:blue:  0
DEBUG:lightify:sending "0f00003200000703676701000026188400"
DEBUG:lightify:2
DEBUG:lightify:Length 18
DEBUG:lightify:Expected 18
DEBUG:lightify:received "18 1200"
DEBUG:lightify:received "2    gg  &„ "
DEBUG:lightify:sending "0f000032000007048b6701000026188400"
DEBUG:lightify:2
DEBUG:lightify:Length 18
DEBUG:lightify:Expected 18
DEBUG:lightify:received "18 1200"
DEBUG:lightify:received "2    ‹g  &„ "
DEBUG:lightify:sending "0f000032000007050e6001000026188400"
DEBUG:lightify:2
DEBUG:lightify:Length 18
DEBUG:lightify:Expected 18
DEBUG:lightify:received "18 1200"
DEBUG:lightify:received "2    `  &„ "
DEBUG:lightify:sending "0f00003200000706789501000026188400"
DEBUG:lightify:2
DEBUG:lightify:Length 18
DEBUG:lightify:Expected 18
DEBUG:lightify:received "18 1200"
DEBUG:lightify:received "2    x•  &„ "
DEBUG:lightify:sending "0f000032000007073b9801000026188400"
DEBUG:lightify:2
DEBUG:lightify:Length 18
DEBUG:lightify:Expected 18
DEBUG:lightify:received "18 1200"
DEBUG:lightify:received "2    ;˜  &„ "
DEBUG:lightify:sending "0f000032000007085c9501000026188400"
DEBUG:lightify:2
DEBUG:lightify:Length 18
DEBUG:lightify:Expected 18
DEBUG:lightify:received "18 1200"
DEBUG:lightify:received "2    \•  &„ "
DEBUG:lightify:sending "0f00003200000709676701000026188401"
DEBUG:lightify:2
DEBUG:lightify:Length 18
DEBUG:lightify:Expected 18
DEBUG:lightify:received "18 1200"
DEBUG:lightify:received "2  	  gg  &„ "
DEBUG:lightify:sending "0f0000320000070a8b6701000026188401"
DEBUG:lightify:2
DEBUG:lightify:Length 18
DEBUG:lightify:Expected 18
DEBUG:lightify:received "18 1200"
DEBUG:lightify:received "2  
  ‹g  &„ "
DEBUG:lightify:sending "0f0000320000070b0e6001000026188401"
DEBUG:lightify:2
DEBUG:lightify:Length 18
DEBUG:lightify:Expected 18
DEBUG:lightify:received "18 1200"
DEBUG:lightify:received "2    `  &„ "
DEBUG:lightify:sending "0f0000320000070c789501000026188401"
DEBUG:lightify:2
DEBUG:lightify:Length 18
DEBUG:lightify:Expected 18
DEBUG:lightify:received "18 1200"
DEBUG:lightify:received "2    x•  &„ "
DEBUG:lightify:sending "0f0000320000070d3b9801000026188401"
DEBUG:lightify:2
DEBUG:lightify:Length 18
DEBUG:lightify:Expected 18
DEBUG:lightify:received "18 1200"
DEBUG:lightify:received "2    ;˜  &„ "
DEBUG:lightify:sending "0f0000320000070e5c9501000026188401"
DEBUG:lightify:2
DEBUG:lightify:Length 18
DEBUG:lightify:Expected 18
DEBUG:lightify:received "18 1200"
DEBUG:lightify:received "2    \•  &„ "
DEBUG:lightify:sending "070002130000070201"
DEBUG:lightify:2
DEBUG:lightify:Length 309
DEBUG:lightify:Expected 309
DEBUG:lightify:received "309 3501"
DEBUG:lightify:received "    ˜a`  &„  dƒ  ÿP16TW 01                qgg  &„  2‡  ÿP16TW 02                ’;˜  &„  dƒ  ÿP16TW 03                ÓX‹g  &„  2ƒ  ÿP16TW 04                ÷W\•  &„  2ƒ  ÿP16TW 05                ?Ðx•  &„  2ƒ  ÿP16TW 06                "
DEBUG:lightify:num: 6
DEBUG:lightify:0 9 50
DEBUG:lightify:light: 6198 841826000001600e P16TW 01 0
DEBUG:lightify:status: 0 ff
DEBUG:lightify:onoff: 1
DEBUG:lightify:temp:  4739
DEBUG:lightify:lum:   100
DEBUG:lightify:red:   1
DEBUG:lightify:green: 0
DEBUG:lightify:blue:  0
DEBUG:lightify:1 59 50
DEBUG:lightify:light: 271 8418260000016767 P16TW 02 0
DEBUG:lightify:status: 0 ff
DEBUG:lightify:onoff: 1
DEBUG:lightify:temp:  6535
DEBUG:lightify:lum:   50
DEBUG:lightify:red:   1
DEBUG:lightify:green: 0
DEBUG:lightify:blue:  0
DEBUG:lightify:2 109 50
DEBUG:lightify:light: 9213 841826000001983b P16TW 03 0
DEBUG:lightify:status: 0 ff
DEBUG:lightify:onoff: 1
DEBUG:lightify:temp:  4739
DEBUG:lightify:lum:   100
DEBUG:lightify:red:   1
DEBUG:lightify:green: 0
DEBUG:lightify:blue:  0
DEBUG:lightify:3 159 50
DEBUG:lightify:light: 58d3 841826000001678b P16TW 04 0
DEBUG:lightify:status: 0 ff
DEBUG:lightify:onoff: 1
DEBUG:lightify:temp:  4739
DEBUG:lightify:lum:   50
DEBUG:lightify:red:   1
DEBUG:lightify:green: 0
DEBUG:lightify:blue:  0
DEBUG:lightify:4 209 50
DEBUG:lightify:light: 57f7 841826000001955c P16TW 05 0
DEBUG:lightify:status: 0 ff
DEBUG:lightify:onoff: 1
DEBUG:lightify:temp:  4739
DEBUG:lightify:lum:   50
DEBUG:lightify:red:   1
DEBUG:lightify:green: 0
DEBUG:lightify:blue:  0
DEBUG:lightify:5 259 50
DEBUG:lightify:light: d03f 8418260000019578 P16TW 06 0
DEBUG:lightify:status: 0 ff
DEBUG:lightify:onoff: 1
DEBUG:lightify:temp:  4739
DEBUG:lightify:lum:   50
DEBUG:lightify:red:   1
DEBUG:lightify:green: 0
DEBUG:lightify:blue:  0
INFO:requests.packages.urllib3.connectionpool:Starting new HTTP connection (1): 192.168.1.1
DEBUG:requests.packages.urllib3.connectionpool:"PUT /api/Xyy5xjGvRcbd7HUimB2g1Ci21AliT5IHmIK2uR-O/lights/10/state HTTP/1.1" 200 None
INFO:requests.packages.urllib3.connectionpool:Starting new HTTP connection (1): 192.168.1.1
DEBUG:requests.packages.urllib3.connectionpool:"PUT /api/Xyy5xjGvRcbd7HUimB2g1Ci21AliT5IHmIK2uR-O/lights/9/state HTTP/1.1" 200 None
INFO:requests.packages.urllib3.connectionpool:Starting new HTTP connection (1): 192.168.1.1
DEBUG:requests.packages.urllib3.connectionpool:"PUT /api/Xyy5xjGvRcbd7HUimB2g1Ci21AliT5IHmIK2uR-O/lights/4/state HTTP/1.1" 200 None
INFO:requests.packages.urllib3.connectionpool:Starting new HTTP connection (1): 192.168.1.1
DEBUG:requests.packages.urllib3.connectionpool:"PUT /api/Xyy5xjGvRcbd7HUimB2g1Ci21AliT5IHmIK2uR-O/lights/7/state HTTP/1.1" 200 None
INFO:requests.packages.urllib3.connectionpool:Starting new HTTP connection (1): 192.168.1.1
DEBUG:requests.packages.urllib3.connectionpool:"PUT /api/Xyy5xjGvRcbd7HUimB2g1Ci21AliT5IHmIK2uR-O/lights/11/state HTTP/1.1" 200 None
INFO:requests.packages.urllib3.connectionpool:Starting new HTTP connection (1): 192.168.1.1
DEBUG:requests.packages.urllib3.connectionpool:"PUT /api/Xyy5xjGvRcbd7HUimB2g1Ci21AliT5IHmIK2uR-O/lights/6/state HTTP/1.1" 200 None
INFO:requests.packages.urllib3.connectionpool:Starting new HTTP connection (1): 192.168.1.1
DEBUG:requests.packages.urllib3.connectionpool:"PUT /api/Xyy5xjGvRcbd7HUimB2g1Ci21AliT5IHmIK2uR-O/lights/5/state HTTP/1.1" 200 None
INFO:requests.packages.urllib3.connectionpool:Starting new HTTP connection (1): 192.168.1.1
DEBUG:requests.packages.urllib3.connectionpool:"PUT /api/Xyy5xjGvRcbd7HUimB2g1Ci21AliT5IHmIK2uR-O/lights/8/state HTTP/1.1" 200 None
INFO:requests.packages.urllib3.connectionpool:Starting new HTTPS connection (1): eu.lightify-api.org
DEBUG:requests.packages.urllib3.connectionpool:"POST /lightify/services/session HTTP/1.1" 200 65
INFO:requests.packages.urllib3.connectionpool:Starting new HTTPS connection (1): eu.lightify-api.org
DEBUG:requests.packages.urllib3.connectionpool:"GET /lightify/services/device/set?idx=2&onoff=0 HTTP/1.1" 200 16
INFO:requests.packages.urllib3.connectionpool:Starting new HTTPS connection (1): eu.lightify-api.org
DEBUG:requests.packages.urllib3.connectionpool:"GET /lightify/services/device/set?idx=3&onoff=0 HTTP/1.1" 200 16
INFO:requests.packages.urllib3.connectionpool:Starting new HTTPS connection (1): eu.lightify-api.org
DEBUG:requests.packages.urllib3.connectionpool:"GET /lightify/services/device/set?idx=1&onoff=0 HTTP/1.1" 200 16
INFO:requests.packages.urllib3.connectionpool:Starting new HTTPS connection (1): eu.lightify-api.org
DEBUG:requests.packages.urllib3.connectionpool:"GET /lightify/services/device/set?idx=6&onoff=0 HTTP/1.1" 200 16
INFO:requests.packages.urllib3.connectionpool:Starting new HTTPS connection (1): eu.lightify-api.org
DEBUG:requests.packages.urllib3.connectionpool:"GET /lightify/services/device/set?idx=4&onoff=0 HTTP/1.1" 200 16
INFO:requests.packages.urllib3.connectionpool:Starting new HTTPS connection (1): eu.lightify-api.org
DEBUG:requests.packages.urllib3.connectionpool:"GET /lightify/services/device/set?idx=5&onoff=0 HTTP/1.1" 200 16
INFO:requests.packages.urllib3.connectionpool:Starting new HTTP connection (1): 192.168.1.1
DEBUG:requests.packages.urllib3.connectionpool:"PUT /api/Xyy5xjGvRcbd7HUimB2g1Ci21AliT5IHmIK2uR-O/lights/10/state HTTP/1.1" 200 None
INFO:requests.packages.urllib3.connectionpool:Starting new HTTP connection (1): 192.168.1.1
DEBUG:requests.packages.urllib3.connectionpool:"PUT /api/Xyy5xjGvRcbd7HUimB2g1Ci21AliT5IHmIK2uR-O/lights/9/state HTTP/1.1" 200 None
INFO:requests.packages.urllib3.connectionpool:Starting new HTTP connection (1): 192.168.1.1
DEBUG:requests.packages.urllib3.connectionpool:"PUT /api/Xyy5xjGvRcbd7HUimB2g1Ci21AliT5IHmIK2uR-O/lights/4/state HTTP/1.1" 200 None
INFO:requests.packages.urllib3.connectionpool:Starting new HTTP connection (1): 192.168.1.1
DEBUG:requests.packages.urllib3.connectionpool:"PUT /api/Xyy5xjGvRcbd7HUimB2g1Ci21AliT5IHmIK2uR-O/lights/7/state HTTP/1.1" 200 None
INFO:requests.packages.urllib3.connectionpool:Starting new HTTP connection (1): 192.168.1.1
DEBUG:requests.packages.urllib3.connectionpool:"PUT /api/Xyy5xjGvRcbd7HUimB2g1Ci21AliT5IHmIK2uR-O/lights/11/state HTTP/1.1" 200 None
INFO:requests.packages.urllib3.connectionpool:Starting new HTTP connection (1): 192.168.1.1
DEBUG:requests.packages.urllib3.connectionpool:"PUT /api/Xyy5xjGvRcbd7HUimB2g1Ci21AliT5IHmIK2uR-O/lights/6/state HTTP/1.1" 200 None
INFO:requests.packages.urllib3.connectionpool:Starting new HTTP connection (1): 192.168.1.1
DEBUG:requests.packages.urllib3.connectionpool:"PUT /api/Xyy5xjGvRcbd7HUimB2g1Ci21AliT5IHmIK2uR-O/lights/5/state HTTP/1.1" 200 None
INFO:requests.packages.urllib3.connectionpool:Starting new HTTP connection (1): 192.168.1.1
DEBUG:requests.packages.urllib3.connectionpool:"PUT /api/Xyy5xjGvRcbd7HUimB2g1Ci21AliT5IHmIK2uR-O/lights/8/state HTTP/1.1" 200 None
INFO:requests.packages.urllib3.connectionpool:Starting new HTTPS connection (1): eu.lightify-api.org
DEBUG:requests.packages.urllib3.connectionpool:"GET /lightify/services/device/set?idx=2&onoff=1 HTTP/1.1" 200 16
INFO:requests.packages.urllib3.connectionpool:Starting new HTTPS connection (1): eu.lightify-api.org
DEBUG:requests.packages.urllib3.connectionpool:"GET /lightify/services/device/set?idx=3&onoff=1 HTTP/1.1" 200 16
INFO:requests.packages.urllib3.connectionpool:Starting new HTTPS connection (1): eu.lightify-api.org
DEBUG:requests.packages.urllib3.connectionpool:"GET /lightify/services/device/set?idx=1&onoff=1 HTTP/1.1" 200 16
INFO:requests.packages.urllib3.connectionpool:Starting new HTTPS connection (1): eu.lightify-api.org
DEBUG:requests.packages.urllib3.connectionpool:"GET /lightify/services/device/set?idx=6&onoff=1 HTTP/1.1" 200 16
INFO:requests.packages.urllib3.connectionpool:Starting new HTTPS connection (1): eu.lightify-api.org
DEBUG:requests.packages.urllib3.connectionpool:"GET /lightify/services/device/set?idx=4&onoff=1 HTTP/1.1" 200 16
INFO:requests.packages.urllib3.connectionpool:Starting new HTTPS connection (1): eu.lightify-api.org
DEBUG:requests.packages.urllib3.connectionpool:"GET /lightify/services/device/set?idx=5&onoff=1 HTTP/1.1" 200 16
DEBUG:lightify:sending "0f00003200000703676701000026188400"
DEBUG:lightify:2
DEBUG:lightify:Length 18
DEBUG:lightify:Expected 18
DEBUG:lightify:received "18 1200"
DEBUG:lightify:received "2    gg  &„ "
DEBUG:lightify:sending "0f000032000007048b6701000026188400"
DEBUG:lightify:2
DEBUG:lightify:Length 18
DEBUG:lightify:Expected 18
DEBUG:lightify:received "18 1200"
DEBUG:lightify:received "2    ‹g  &„ "
DEBUG:lightify:sending "0f000032000007050e6001000026188400"
DEBUG:lightify:2
DEBUG:lightify:Length 18
DEBUG:lightify:Expected 18
DEBUG:lightify:received "18 1200"
DEBUG:lightify:received "2    `  &„ "
DEBUG:lightify:sending "0f00003200000706789501000026188400"
DEBUG:lightify:2
DEBUG:lightify:Length 18
DEBUG:lightify:Expected 18
DEBUG:lightify:received "18 1200"
DEBUG:lightify:received "2    x•  &„ "
DEBUG:lightify:sending "0f000032000007073b9801000026188400"
DEBUG:lightify:2
DEBUG:lightify:Length 18
DEBUG:lightify:Expected 18
DEBUG:lightify:received "18 1200"
DEBUG:lightify:received "2    ;˜  &„ "
DEBUG:lightify:sending "0f000032000007085c9501000026188400"
DEBUG:lightify:2
DEBUG:lightify:Length 18
DEBUG:lightify:Expected 18
DEBUG:lightify:received "18 1200"
DEBUG:lightify:received "2    \•  &„ "
DEBUG:lightify:sending "0f00003200000709676701000026188401"
DEBUG:lightify:2
DEBUG:lightify:Length 18
DEBUG:lightify:Expected 18
DEBUG:lightify:received "18 1200"
DEBUG:lightify:received "2  	  gg  &„é"
DEBUG:lightify:sending "0f0000320000070a8b6701000026188401"
DEBUG:lightify:2
DEBUG:lightify:Length 18
DEBUG:lightify:Expected 18
DEBUG:lightify:received "18 1200"
DEBUG:lightify:received "2  
  ‹g  &„ "
DEBUG:lightify:sending "0f0000320000070b0e6001000026188401"
DEBUG:lightify:2
DEBUG:lightify:Length 18
DEBUG:lightify:Expected 18
DEBUG:lightify:received "18 1200"
DEBUG:lightify:received "2    `  &„ "
DEBUG:lightify:sending "0f0000320000070c789501000026188401"
DEBUG:lightify:2
DEBUG:lightify:Length 18
DEBUG:lightify:Expected 18
DEBUG:lightify:received "18 1200"
DEBUG:lightify:received "2    x•  &„ "
DEBUG:lightify:sending "0f0000320000070d3b9801000026188401"
DEBUG:lightify:2
DEBUG:lightify:Length 18
DEBUG:lightify:Expected 18
DEBUG:lightify:received "18 1200"
DEBUG:lightify:received "2    ;˜  &„ "
DEBUG:lightify:sending "0f0000320000070e5c9501000026188401"
DEBUG:lightify:2
DEBUG:lightify:Length 18
DEBUG:lightify:Expected 18
DEBUG:lightify:received "18 1200"
DEBUG:lightify:received "2    \•  &„ "
DEBUG:lightify:sending "070002130000070201"
DEBUG:lightify:2
DEBUG:lightify:Length 309
DEBUG:lightify:Expected 309
DEBUG:lightify:received "309 3501"
DEBUG:lightify:received "    ˜a`  &„  dƒ  ÿP16TW 01                qgg  &„  2‡  ÿP16TW 02                ’;˜  &„  dƒ  ÿP16TW 03                ÓX‹g  &„  2ƒ  ÿP16TW 04                ÷W\•  &„  2ƒ  ÿP16TW 05                ?Ðx•  &„  2ƒ  ÿP16TW 06                "
DEBUG:lightify:num: 6
DEBUG:lightify:0 9 50
DEBUG:lightify:light: 6198 841826000001600e P16TW 01 0
DEBUG:lightify:status: 0 ff
DEBUG:lightify:onoff: 1
DEBUG:lightify:temp:  4739
DEBUG:lightify:lum:   100
DEBUG:lightify:red:   1
DEBUG:lightify:green: 0
DEBUG:lightify:blue:  0
DEBUG:lightify:1 59 50
DEBUG:lightify:light: 271 8418260000016767 P16TW 02 0
DEBUG:lightify:status: 0 ff
DEBUG:lightify:onoff: 1
DEBUG:lightify:temp:  6535
DEBUG:lightify:lum:   50
DEBUG:lightify:red:   1
DEBUG:lightify:green: 0
DEBUG:lightify:blue:  0
DEBUG:lightify:2 109 50
DEBUG:lightify:light: 9213 841826000001983b P16TW 03 0
DEBUG:lightify:status: 0 ff
DEBUG:lightify:onoff: 1
DEBUG:lightify:temp:  4739
DEBUG:lightify:lum:   100
DEBUG:lightify:red:   1
DEBUG:lightify:green: 0
DEBUG:lightify:blue:  0
DEBUG:lightify:3 159 50
DEBUG:lightify:light: 58d3 841826000001678b P16TW 04 0
DEBUG:lightify:status: 0 ff
DEBUG:lightify:onoff: 1
DEBUG:lightify:temp:  4739
DEBUG:lightify:lum:   50
DEBUG:lightify:red:   1
DEBUG:lightify:green: 0
DEBUG:lightify:blue:  0
DEBUG:lightify:4 209 50
DEBUG:lightify:light: 57f7 841826000001955c P16TW 05 0
DEBUG:lightify:status: 0 ff
DEBUG:lightify:onoff: 1
DEBUG:lightify:temp:  4739
DEBUG:lightify:lum:   50
DEBUG:lightify:red:   1
DEBUG:lightify:green: 0
DEBUG:lightify:blue:  0
DEBUG:lightify:5 259 50
DEBUG:lightify:light: d03f 8418260000019578 P16TW 06 0
DEBUG:lightify:status: 0 ff
DEBUG:lightify:onoff: 1
DEBUG:lightify:temp:  4739
DEBUG:lightify:lum:   50
DEBUG:lightify:red:   1
DEBUG:lightify:green: 0
DEBUG:lightify:blue:  0
DEBUG:lightify:sending "0f00003200000703676701000026188400"
DEBUG:lightify:2
DEBUG:lightify:Length 18
DEBUG:lightify:Expected 18
DEBUG:lightify:received "18 1200"
DEBUG:lightify:received "2    gg  &„ "
DEBUG:lightify:sending "0f000032000007048b6701000026188400"
DEBUG:lightify:2
DEBUG:lightify:Length 18
DEBUG:lightify:Expected 18
DEBUG:lightify:received "18 1200"
DEBUG:lightify:received "2    ‹g  &„ "
DEBUG:lightify:sending "0f000032000007050e6001000026188400"
DEBUG:lightify:2
DEBUG:lightify:Length 18
DEBUG:lightify:Expected 18
DEBUG:lightify:received "18 1200"
DEBUG:lightify:received "2    `  &„ "
DEBUG:lightify:sending "0f00003200000706789501000026188400"
DEBUG:lightify:2
DEBUG:lightify:Length 18
DEBUG:lightify:Expected 18
DEBUG:lightify:received "18 1200"
DEBUG:lightify:received "2    x•  &„ "
DEBUG:lightify:sending "0f000032000007073b9801000026188400"
DEBUG:lightify:2
DEBUG:lightify:Length 18
DEBUG:lightify:Expected 18
DEBUG:lightify:received "18 1200"
DEBUG:lightify:received "2    ;˜  &„ "
DEBUG:lightify:sending "0f000032000007085c9501000026188400"
DEBUG:lightify:2
DEBUG:lightify:Length 18
DEBUG:lightify:Expected 18
DEBUG:lightify:received "18 1200"
DEBUG:lightify:received "2    \•  &„ "
DEBUG:lightify:sending "0f00003200000709676701000026188401"
DEBUG:lightify:2
DEBUG:lightify:Length 18
DEBUG:lightify:Expected 18
DEBUG:lightify:received "18 1200"
DEBUG:lightify:received "2  	  gg  &„ "
DEBUG:lightify:sending "0f0000320000070a8b6701000026188401"
DEBUG:lightify:2
DEBUG:lightify:Length 18
DEBUG:lightify:Expected 18
DEBUG:lightify:received "18 1200"
DEBUG:lightify:received "2  
  ‹g  &„ "
DEBUG:lightify:sending "0f0000320000070b0e6001000026188401"
DEBUG:lightify:2
DEBUG:lightify:Length 18
DEBUG:lightify:Expected 18
DEBUG:lightify:received "18 1200"
DEBUG:lightify:received "2    `  &„ "
DEBUG:lightify:sending "0f0000320000070c789501000026188401"
DEBUG:lightify:2
DEBUG:lightify:Length 18
DEBUG:lightify:Expected 18
DEBUG:lightify:received "18 1200"
DEBUG:lightify:received "2    x•  &„ "
DEBUG:lightify:sending "0f0000320000070d3b9801000026188401"
DEBUG:lightify:2
DEBUG:lightify:Length 18
DEBUG:lightify:Expected 18
DEBUG:lightify:received "18 1200"
DEBUG:lightify:received "2    ;˜  &„ÿ"
DEBUG:lightify:sending "0f0000320000070e5c9501000026188401"
DEBUG:lightify:2
DEBUG:lightify:Length 18
DEBUG:lightify:Expected 18
DEBUG:lightify:received "18 1200"
DEBUG:lightify:received "2    \•  &„ "
DEBUG:lightify:sending "070002130000070201"
DEBUG:lightify:2
DEBUG:lightify:Length 309
DEBUG:lightify:Expected 309
DEBUG:lightify:received "309 3501"
DEBUG:lightify:received "    ˜a`  &„  Yƒ  ÿP16TW 01                qgg  &„  .‡  ÿP16TW 02                ’;˜  &„  Xƒ  ÿP16TW 03                ÓX‹g  &„  .ƒ  ÿP16TW 04                ÷W\•  &„  (ƒ  ÿP16TW 05                ?Ðx•  &„  ,ƒ  ÿP16TW 06                "
DEBUG:lightify:num: 6
DEBUG:lightify:0 9 50
DEBUG:lightify:light: 6198 841826000001600e P16TW 01 0
DEBUG:lightify:status: 0 ff
DEBUG:lightify:onoff: 1
DEBUG:lightify:temp:  4739
DEBUG:lightify:lum:   89
DEBUG:lightify:red:   1
DEBUG:lightify:green: 0
DEBUG:lightify:blue:  0
DEBUG:lightify:1 59 50
DEBUG:lightify:light: 271 8418260000016767 P16TW 02 0
DEBUG:lightify:status: 0 ff
DEBUG:lightify:onoff: 1
DEBUG:lightify:temp:  6535
DEBUG:lightify:lum:   46
DEBUG:lightify:red:   1
DEBUG:lightify:green: 0
DEBUG:lightify:blue:  0
DEBUG:lightify:2 109 50
DEBUG:lightify:light: 9213 841826000001983b P16TW 03 0
DEBUG:lightify:status: 0 ff
DEBUG:lightify:onoff: 1
DEBUG:lightify:temp:  4739
DEBUG:lightify:lum:   88
DEBUG:lightify:red:   1
DEBUG:lightify:green: 0
DEBUG:lightify:blue:  0
DEBUG:lightify:3 159 50
DEBUG:lightify:light: 58d3 841826000001678b P16TW 04 0
DEBUG:lightify:status: 0 ff
DEBUG:lightify:onoff: 1
DEBUG:lightify:temp:  4739
DEBUG:lightify:lum:   46
DEBUG:lightify:red:   1
DEBUG:lightify:green: 0
DEBUG:lightify:blue:  0
DEBUG:lightify:4 209 50
DEBUG:lightify:light: 57f7 841826000001955c P16TW 05 0
DEBUG:lightify:status: 0 ff
DEBUG:lightify:onoff: 1
DEBUG:lightify:temp:  4739
DEBUG:lightify:lum:   40
DEBUG:lightify:red:   1
DEBUG:lightify:green: 0
DEBUG:lightify:blue:  0
DEBUG:lightify:5 259 50
DEBUG:lightify:light: d03f 8418260000019578 P16TW 06 0
DEBUG:lightify:status: 0 ff
DEBUG:lightify:onoff: 1
DEBUG:lightify:temp:  4739
DEBUG:lightify:lum:   44
DEBUG:lightify:red:   1
DEBUG:lightify:green: 0
DEBUG:lightify:blue:  0
DEBUG:lightify:sending "0f00003200000703676701000026188400"
DEBUG:lightify:2
DEBUG:lightify:Length 18
DEBUG:lightify:Expected 18
DEBUG:lightify:received "18 1200"
DEBUG:lightify:received "2    gg  &„ "
DEBUG:lightify:sending "0f000032000007048b6701000026188400"
DEBUG:lightify:2
DEBUG:lightify:Length 18
DEBUG:lightify:Expected 18
DEBUG:lightify:received "18 1200"
DEBUG:lightify:received "2    ‹g  &„ "
DEBUG:lightify:sending "0f000032000007050e6001000026188400"
DEBUG:lightify:2
DEBUG:lightify:Length 18
DEBUG:lightify:Expected 18
DEBUG:lightify:received "18 1200"
DEBUG:lightify:received "2    `  &„ "
DEBUG:lightify:sending "0f00003200000706789501000026188400"
DEBUG:lightify:2
DEBUG:lightify:Length 18
DEBUG:lightify:Expected 18
DEBUG:lightify:received "18 1200"
DEBUG:lightify:received "2    x•  &„ "
DEBUG:lightify:sending "0f000032000007073b9801000026188400"
DEBUG:lightify:2
DEBUG:lightify:Length 18
DEBUG:lightify:Expected 18
DEBUG:lightify:received "18 1200"
DEBUG:lightify:received "2    ;˜  &„ "
DEBUG:lightify:sending "0f000032000007085c9501000026188400"
DEBUG:lightify:2
DEBUG:lightify:Length 18
DEBUG:lightify:Expected 18
DEBUG:lightify:received "18 1200"
DEBUG:lightify:received "2    \•  &„ "
DEBUG:lightify:sending "0f00003200000709676701000026188401"
DEBUG:lightify:2
DEBUG:lightify:Length 18
DEBUG:lightify:Expected 18
DEBUG:lightify:received "18 1200"
DEBUG:lightify:received "2  	  gg  &„ "
DEBUG:lightify:sending "0f0000320000070a8b6701000026188401"
DEBUG:lightify:2
DEBUG:lightify:Length 18
DEBUG:lightify:Expected 18
DEBUG:lightify:received "18 1200"
DEBUG:lightify:received "2  
  ‹g  &„ "
DEBUG:lightify:sending "0f0000320000070b0e6001000026188401"
DEBUG:lightify:2
DEBUG:lightify:Length 18
DEBUG:lightify:Expected 18
DEBUG:lightify:received "18 1200"
DEBUG:lightify:received "2    `  &„ "
DEBUG:lightify:sending "0f0000320000070c789501000026188401"
DEBUG:lightify:2
DEBUG:lightify:Length 18
DEBUG:lightify:Expected 18
DEBUG:lightify:received "18 1200"
DEBUG:lightify:received "2    x•  &„ "
DEBUG:lightify:sending "0f0000320000070d3b9801000026188401"
DEBUG:lightify:2
DEBUG:lightify:Length 18
DEBUG:lightify:Expected 18
DEBUG:lightify:received "18 1200"
DEBUG:lightify:received "2    ;˜  &„ "
DEBUG:lightify:sending "0f0000320000070e5c9501000026188401"
DEBUG:lightify:2
DEBUG:lightify:Length 18
DEBUG:lightify:Expected 18
DEBUG:lightify:received "18 1200"
DEBUG:lightify:received "2    \•  &„ "
DEBUG:lightify:sending "070002130000070201"
DEBUG:lightify:2
DEBUG:lightify:Length 309
DEBUG:lightify:Expected 309
DEBUG:lightify:received "309 3501"
DEBUG:lightify:received "    ˜a`  &„  dƒ  ÿP16TW 01                qgg  &„  2‡  ÿP16TW 02                ’;˜  &„  dƒ  ÿP16TW 03                ÓX‹g  &„  2ƒ  ÿP16TW 04                ÷W\•  &„  2ƒ  ÿP16TW 05                ?Ðx•  &„  2ƒ  ÿP16TW 06                "
DEBUG:lightify:num: 6
DEBUG:lightify:0 9 50
DEBUG:lightify:light: 6198 841826000001600e P16TW 01 0
DEBUG:lightify:status: 0 ff
DEBUG:lightify:onoff: 1
DEBUG:lightify:temp:  4739
DEBUG:lightify:lum:   100
DEBUG:lightify:red:   1
DEBUG:lightify:green: 0
DEBUG:lightify:blue:  0
DEBUG:lightify:1 59 50
DEBUG:lightify:light: 271 8418260000016767 P16TW 02 0
DEBUG:lightify:status: 0 ff
DEBUG:lightify:onoff: 1
DEBUG:lightify:temp:  6535
DEBUG:lightify:lum:   50
DEBUG:lightify:red:   1
DEBUG:lightify:green: 0
DEBUG:lightify:blue:  0
DEBUG:lightify:2 109 50
DEBUG:lightify:light: 9213 841826000001983b P16TW 03 0
DEBUG:lightify:status: 0 ff
DEBUG:lightify:onoff: 1
DEBUG:lightify:temp:  4739
DEBUG:lightify:lum:   100
DEBUG:lightify:red:   1
DEBUG:lightify:green: 0
DEBUG:lightify:blue:  0
DEBUG:lightify:3 159 50
DEBUG:lightify:light: 58d3 841826000001678b P16TW 04 0
DEBUG:lightify:status: 0 ff
DEBUG:lightify:onoff: 1
DEBUG:lightify:temp:  4739
DEBUG:lightify:lum:   50
DEBUG:lightify:red:   1
DEBUG:lightify:green: 0
DEBUG:lightify:blue:  0
DEBUG:lightify:4 209 50
DEBUG:lightify:light: 57f7 841826000001955c P16TW 05 0
DEBUG:lightify:status: 0 ff
DEBUG:lightify:onoff: 1
DEBUG:lightify:temp:  4739
DEBUG:lightify:lum:   50
DEBUG:lightify:red:   1
DEBUG:lightify:green: 0
DEBUG:lightify:blue:  0
DEBUG:lightify:5 259 50
DEBUG:lightify:light: d03f 8418260000019578 P16TW 06 0
DEBUG:lightify:status: 0 ff
DEBUG:lightify:onoff: 1
DEBUG:lightify:temp:  4739
DEBUG:lightify:lum:   50
DEBUG:lightify:red:   1
DEBUG:lightify:green: 0
DEBUG:lightify:blue:  0
DEBUG:lightify:sending "070002130000070201"
DEBUG:lightify:2
DEBUG:lightify:Length 309
DEBUG:lightify:Expected 309
DEBUG:lightify:received "309 3501"
DEBUG:lightify:received "    ˜a`  &„  dƒ  ÿP16TW 01                qgg  &„  2‡  ÿP16TW 02                ’;˜  &„  dƒ  ÿP16TW 03                ÓX‹g  &„  2ƒ  ÿP16TW 04                ÷W\•  &„  2ƒ  ÿP16TW 05                ?Ðx•  &„  2ƒ  ÿP16TW 06                "
DEBUG:lightify:num: 6
DEBUG:lightify:0 9 50
DEBUG:lightify:light: 6198 841826000001600e P16TW 01 0
DEBUG:lightify:status: 0 ff
DEBUG:lightify:onoff: 1
DEBUG:lightify:temp:  4739
DEBUG:lightify:lum:   100
DEBUG:lightify:red:   1
DEBUG:lightify:green: 0
DEBUG:lightify:blue:  0
DEBUG:lightify:1 59 50
DEBUG:lightify:light: 271 8418260000016767 P16TW 02 0
DEBUG:lightify:status: 0 ff
DEBUG:lightify:onoff: 1
DEBUG:lightify:temp:  6535
DEBUG:lightify:lum:   50
DEBUG:lightify:red:   1
DEBUG:lightify:green: 0
DEBUG:lightify:blue:  0
DEBUG:lightify:2 109 50
DEBUG:lightify:light: 9213 841826000001983b P16TW 03 0
DEBUG:lightify:status: 0 ff
DEBUG:lightify:onoff: 1
DEBUG:lightify:temp:  4739
DEBUG:lightify:lum:   100
DEBUG:lightify:red:   1
DEBUG:lightify:green: 0
DEBUG:lightify:blue:  0
DEBUG:lightify:3 159 50
DEBUG:lightify:light: 58d3 841826000001678b P16TW 04 0
DEBUG:lightify:status: 0 ff
DEBUG:lightify:onoff: 1
DEBUG:lightify:temp:  4739
DEBUG:lightify:lum:   50
DEBUG:lightify:red:   1
DEBUG:lightify:green: 0
DEBUG:lightify:blue:  0
DEBUG:lightify:4 209 50
DEBUG:lightify:light: 57f7 841826000001955c P16TW 05 0
DEBUG:lightify:status: 0 ff
DEBUG:lightify:onoff: 1
DEBUG:lightify:temp:  4739
DEBUG:lightify:lum:   50
DEBUG:lightify:red:   1
DEBUG:lightify:green: 0
DEBUG:lightify:blue:  0
DEBUG:lightify:5 259 50
DEBUG:lightify:light: d03f 8418260000019578 P16TW 06 0
DEBUG:lightify:status: 0 ff
DEBUG:lightify:onoff: 1
DEBUG:lightify:temp:  4739
DEBUG:lightify:lum:   50
DEBUG:lightify:red:   1
DEBUG:lightify:green: 0
DEBUG:lightify:blue:  0
DEBUG:lightify:sending "070002130000070201"
DEBUG:lightify:2
DEBUG:lightify:Length 309
DEBUG:lightify:Expected 309
DEBUG:lightify:received "309 3501"
DEBUG:lightify:received "    ˜a`  &„  dƒ  ÿP16TW 01                qgg  &„  2‡  ÿP16TW 02                ’;˜  &„  dƒ  ÿP16TW 03                ÓX‹g  &„  2ƒ  ÿP16TW 04                ÷W\•  &„  2ƒ  ÿP16TW 05                ?Ðx•  &„  2ƒ  ÿP16TW 06                "
DEBUG:lightify:num: 6
DEBUG:lightify:0 9 50
DEBUG:lightify:light: 6198 841826000001600e P16TW 01 0
DEBUG:lightify:status: 0 ff
DEBUG:lightify:onoff: 1
DEBUG:lightify:temp:  4739
DEBUG:lightify:lum:   100
DEBUG:lightify:red:   1
DEBUG:lightify:green: 0
DEBUG:lightify:blue:  0
DEBUG:lightify:1 59 50
DEBUG:lightify:light: 271 8418260000016767 P16TW 02 0
DEBUG:lightify:status: 0 ff
DEBUG:lightify:onoff: 1
DEBUG:lightify:temp:  6535
DEBUG:lightify:lum:   50
DEBUG:lightify:red:   1
DEBUG:lightify:green: 0
DEBUG:lightify:blue:  0
DEBUG:lightify:2 109 50
DEBUG:lightify:light: 9213 841826000001983b P16TW 03 0
DEBUG:lightify:status: 0 ff
DEBUG:lightify:onoff: 1
DEBUG:lightify:temp:  4739
DEBUG:lightify:lum:   100
DEBUG:lightify:red:   1
DEBUG:lightify:green: 0
DEBUG:lightify:blue:  0
DEBUG:lightify:3 159 50
DEBUG:lightify:light: 58d3 841826000001678b P16TW 04 0
DEBUG:lightify:status: 0 ff
DEBUG:lightify:onoff: 1
DEBUG:lightify:temp:  4739
DEBUG:lightify:lum:   50
DEBUG:lightify:red:   1
DEBUG:lightify:green: 0
DEBUG:lightify:blue:  0
DEBUG:lightify:4 209 50
DEBUG:lightify:light: 57f7 841826000001955c P16TW 05 0
DEBUG:lightify:status: 0 ff
DEBUG:lightify:onoff: 1
DEBUG:lightify:temp:  4739
DEBUG:lightify:lum:   50
DEBUG:lightify:red:   1
DEBUG:lightify:green: 0
DEBUG:lightify:blue:  0
DEBUG:lightify:5 259 50
DEBUG:lightify:light: d03f 8418260000019578 P16TW 06 0
DEBUG:lightify:status: 0 ff
DEBUG:lightify:onoff: 1
DEBUG:lightify:temp:  4739
DEBUG:lightify:lum:   50
DEBUG:lightify:red:   1
DEBUG:lightify:green: 0
DEBUG:lightify:blue:  0
DEBUG:lightify:sending "070002130000070201"
DEBUG:lightify:2
DEBUG:lightify:Length 309
DEBUG:lightify:Expected 309
DEBUG:lightify:received "309 3501"
DEBUG:lightify:received "    ˜a`  &„  dƒ  ÿP16TW 01                qgg  &„  2‡  ÿP16TW 02                ’;˜  &„  dƒ  ÿP16TW 03                ÓX‹g  &„  2ƒ  ÿP16TW 04                ÷W\•  &„  2ƒ  ÿP16TW 05                ?Ðx•  &„  2ƒ  ÿP16TW 06                "
DEBUG:lightify:num: 6
DEBUG:lightify:0 9 50
DEBUG:lightify:light: 6198 841826000001600e P16TW 01 0
DEBUG:lightify:status: 0 ff
DEBUG:lightify:onoff: 1
DEBUG:lightify:temp:  4739
DEBUG:lightify:lum:   100
DEBUG:lightify:red:   1
DEBUG:lightify:green: 0
DEBUG:lightify:blue:  0
DEBUG:lightify:1 59 50
DEBUG:lightify:light: 271 8418260000016767 P16TW 02 0
DEBUG:lightify:status: 0 ff
DEBUG:lightify:onoff: 1
DEBUG:lightify:temp:  6535
DEBUG:lightify:lum:   50
DEBUG:lightify:red:   1
DEBUG:lightify:green: 0
DEBUG:lightify:blue:  0
DEBUG:lightify:2 109 50
DEBUG:lightify:light: 9213 841826000001983b P16TW 03 0
DEBUG:lightify:status: 0 ff
DEBUG:lightify:onoff: 1
DEBUG:lightify:temp:  4739
DEBUG:lightify:lum:   100
DEBUG:lightify:red:   1
DEBUG:lightify:green: 0
DEBUG:lightify:blue:  0
DEBUG:lightify:3 159 50
DEBUG:lightify:light: 58d3 841826000001678b P16TW 04 0
DEBUG:lightify:status: 0 ff
DEBUG:lightify:onoff: 1
DEBUG:lightify:temp:  4739
DEBUG:lightify:lum:   50
DEBUG:lightify:red:   1
DEBUG:lightify:green: 0
DEBUG:lightify:blue:  0
DEBUG:lightify:4 209 50
DEBUG:lightify:light: 57f7 841826000001955c P16TW 05 0
DEBUG:lightify:status: 0 ff
DEBUG:lightify:onoff: 1
DEBUG:lightify:temp:  4739
DEBUG:lightify:lum:   50
DEBUG:lightify:red:   1
DEBUG:lightify:green: 0
DEBUG:lightify:blue:  0
DEBUG:lightify:5 259 50
DEBUG:lightify:light: d03f 8418260000019578 P16TW 06 0
DEBUG:lightify:status: 0 ff
DEBUG:lightify:onoff: 1
DEBUG:lightify:temp:  4739
DEBUG:lightify:lum:   50
DEBUG:lightify:red:   1
DEBUG:lightify:green: 0
DEBUG:lightify:blue:  0
DEBUG:lightify:sending "070002130000070201"
DEBUG:lightify:2
DEBUG:lightify:Length 309
DEBUG:lightify:Expected 309
DEBUG:lightify:received "309 3501"
DEBUG:lightify:received "    ˜a`  &„  dƒ  ÿP16TW 01                qgg  &„  2‡  ÿP16TW 02                ’;˜  &„  dƒ  ÿP16TW 03                ÓX‹g  &„  2ƒ  ÿP16TW 04                ÷W\•  &„  2ƒ  ÿP16TW 05                ?Ðx•  &„  2ƒ  ÿP16TW 06                "
DEBUG:lightify:num: 6
DEBUG:lightify:0 9 50
DEBUG:lightify:light: 6198 841826000001600e P16TW 01 0
DEBUG:lightify:status: 0 ff
DEBUG:lightify:onoff: 1
DEBUG:lightify:temp:  4739
DEBUG:lightify:lum:   100
DEBUG:lightify:red:   1
DEBUG:lightify:green: 0
DEBUG:lightify:blue:  0
DEBUG:lightify:1 59 50
DEBUG:lightify:light: 271 8418260000016767 P16TW 02 0
DEBUG:lightify:status: 0 ff
DEBUG:lightify:onoff: 1
DEBUG:lightify:temp:  6535
DEBUG:lightify:lum:   50
DEBUG:lightify:red:   1
DEBUG:lightify:green: 0
DEBUG:lightify:blue:  0
DEBUG:lightify:2 109 50
DEBUG:lightify:light: 9213 841826000001983b P16TW 03 0
DEBUG:lightify:status: 0 ff
DEBUG:lightify:onoff: 1
DEBUG:lightify:temp:  4739
DEBUG:lightify:lum:   100
DEBUG:lightify:red:   1
DEBUG:lightify:green: 0
DEBUG:lightify:blue:  0
DEBUG:lightify:3 159 50
DEBUG:lightify:light: 58d3 841826000001678b P16TW 04 0
DEBUG:lightify:status: 0 ff
DEBUG:lightify:onoff: 1
DEBUG:lightify:temp:  4739
DEBUG:lightify:lum:   50
DEBUG:lightify:red:   1
DEBUG:lightify:green: 0
DEBUG:lightify:blue:  0
DEBUG:lightify:4 209 50
DEBUG:lightify:light: 57f7 841826000001955c P16TW 05 0
DEBUG:lightify:status: 0 ff
DEBUG:lightify:onoff: 1
DEBUG:lightify:temp:  4739
DEBUG:lightify:lum:   50
DEBUG:lightify:red:   1
DEBUG:lightify:green: 0
DEBUG:lightify:blue:  0
DEBUG:lightify:5 259 50
DEBUG:lightify:light: d03f 8418260000019578 P16TW 06 0
DEBUG:lightify:status: 0 ff
DEBUG:lightify:onoff: 1
DEBUG:lightify:temp:  4739
DEBUG:lightify:lum:   50
DEBUG:lightify:red:   1
DEBUG:lightify:green: 0
DEBUG:lightify:blue:  0
DEBUG:lightify:sending "070002130000070201"
DEBUG:lightify:2
DEBUG:lightify:Length 309
DEBUG:lightify:Expected 309
DEBUG:lightify:received "309 3501"
DEBUG:lightify:received "    ˜a`  &„  dƒ  ÿP16TW 01                qgg  &„  2‡  ÿP16TW 02                ’;˜  &„  dƒ  ÿP16TW 03                ÓX‹g  &„  2ƒ  ÿP16TW 04                ÷W\•  &„  2ƒ  ÿP16TW 05                ?Ðx•  &„  2ƒ  ÿP16TW 06                "
DEBUG:lightify:num: 6
DEBUG:lightify:0 9 50
DEBUG:lightify:light: 6198 841826000001600e P16TW 01 0
DEBUG:lightify:status: 0 ff
DEBUG:lightify:onoff: 1
DEBUG:lightify:temp:  4739
DEBUG:lightify:lum:   100
DEBUG:lightify:red:   1
DEBUG:lightify:green: 0
DEBUG:lightify:blue:  0
DEBUG:lightify:1 59 50
DEBUG:lightify:light: 271 8418260000016767 P16TW 02 0
DEBUG:lightify:status: 0 ff
DEBUG:lightify:onoff: 1
DEBUG:lightify:temp:  6535
DEBUG:lightify:lum:   50
DEBUG:lightify:red:   1
DEBUG:lightify:green: 0
DEBUG:lightify:blue:  0
DEBUG:lightify:2 109 50
DEBUG:lightify:light: 9213 841826000001983b P16TW 03 0
DEBUG:lightify:status: 0 ff
DEBUG:lightify:onoff: 1
DEBUG:lightify:temp:  4739
DEBUG:lightify:lum:   100
DEBUG:lightify:red:   1
DEBUG:lightify:green: 0
DEBUG:lightify:blue:  0
DEBUG:lightify:3 159 50
DEBUG:lightify:light: 58d3 841826000001678b P16TW 04 0
DEBUG:lightify:status: 0 ff
DEBUG:lightify:onoff: 1
DEBUG:lightify:temp:  4739
DEBUG:lightify:lum:   50
DEBUG:lightify:red:   1
DEBUG:lightify:green: 0
DEBUG:lightify:blue:  0
DEBUG:lightify:4 209 50
DEBUG:lightify:light: 57f7 841826000001955c P16TW 05 0
DEBUG:lightify:status: 0 ff
DEBUG:lightify:onoff: 1
DEBUG:lightify:temp:  4739
DEBUG:lightify:lum:   50
DEBUG:lightify:red:   1
DEBUG:lightify:green: 0
DEBUG:lightify:blue:  0
DEBUG:lightify:5 259 50
DEBUG:lightify:light: d03f 8418260000019578 P16TW 06 0
DEBUG:lightify:status: 0 ff
DEBUG:lightify:onoff: 1
DEBUG:lightify:temp:  4739
DEBUG:lightify:lum:   50
DEBUG:lightify:red:   1
DEBUG:lightify:green: 0
DEBUG:lightify:blue:  0
INFO:requests.packages.urllib3.connectionpool:Starting new HTTPS connection (1): eu.lightify-api.org
DEBUG:requests.packages.urllib3.connectionpool:"POST /lightify/services/session HTTP/1.1" 200 65
INFO:requests.packages.urllib3.connectionpool:Starting new HTTPS connection (1): eu.lightify-api.org
DEBUG:requests.packages.urllib3.connectionpool:"GET /lightify/services/device/set?idx=2&onoff=0 HTTP/1.1" 200 16
INFO:requests.packages.urllib3.connectionpool:Starting new HTTPS connection (1): eu.lightify-api.org
DEBUG:requests.packages.urllib3.connectionpool:"GET /lightify/services/device/set?idx=3&onoff=0 HTTP/1.1" 200 16
INFO:requests.packages.urllib3.connectionpool:Starting new HTTPS connection (1): eu.lightify-api.org
DEBUG:requests.packages.urllib3.connectionpool:"GET /lightify/services/device/set?idx=1&onoff=0 HTTP/1.1" 200 16
INFO:requests.packages.urllib3.connectionpool:Starting new HTTPS connection (1): eu.lightify-api.org
DEBUG:requests.packages.urllib3.connectionpool:"GET /lightify/services/device/set?idx=6&onoff=0 HTTP/1.1" 200 16
INFO:requests.packages.urllib3.connectionpool:Starting new HTTPS connection (1): eu.lightify-api.org
DEBUG:requests.packages.urllib3.connectionpool:"GET /lightify/services/device/set?idx=4&onoff=0 HTTP/1.1" 200 16
INFO:requests.packages.urllib3.connectionpool:Starting new HTTPS connection (1): eu.lightify-api.org
DEBUG:requests.packages.urllib3.connectionpool:"GET /lightify/services/device/set?idx=5&onoff=0 HTTP/1.1" 200 16
INFO:requests.packages.urllib3.connectionpool:Starting new HTTPS connection (1): eu.lightify-api.org
DEBUG:requests.packages.urllib3.connectionpool:"GET /lightify/services/device/set?idx=2&onoff=1 HTTP/1.1" 200 16
INFO:requests.packages.urllib3.connectionpool:Starting new HTTPS connection (1): eu.lightify-api.org
DEBUG:requests.packages.urllib3.connectionpool:"GET /lightify/services/device/set?idx=3&onoff=1 HTTP/1.1" 200 16
INFO:requests.packages.urllib3.connectionpool:Starting new HTTPS connection (1): eu.lightify-api.org
DEBUG:requests.packages.urllib3.connectionpool:"GET /lightify/services/device/set?idx=1&onoff=1 HTTP/1.1" 200 16
INFO:requests.packages.urllib3.connectionpool:Starting new HTTPS connection (1): eu.lightify-api.org
DEBUG:requests.packages.urllib3.connectionpool:"GET /lightify/services/device/set?idx=6&onoff=1 HTTP/1.1" 200 16
INFO:requests.packages.urllib3.connectionpool:Starting new HTTPS connection (1): eu.lightify-api.org
DEBUG:requests.packages.urllib3.connectionpool:"GET /lightify/services/device/set?idx=4&onoff=1 HTTP/1.1" 200 16
INFO:requests.packages.urllib3.connectionpool:Starting new HTTPS connection (1): eu.lightify-api.org
DEBUG:requests.packages.urllib3.connectionpool:"GET /lightify/services/device/set?idx=5&onoff=1 HTTP/1.1" 200 16
DEBUG:lightify:sending "070002130000070201"
DEBUG:lightify:2
DEBUG:lightify:Length 309
DEBUG:lightify:Expected 309
DEBUG:lightify:received "309 3501"
DEBUG:lightify:received "    ˜a`  &„  dƒ  ÿP16TW 01                qgg  &„  2‡  ÿP16TW 02                ’;˜  &„  dƒ  ÿP16TW 03                ÓX‹g  &„  2ƒ  ÿP16TW 04                ÷W\•  &„  2ƒ  ÿP16TW 05                ?Ðx•  &„  2ƒ  ÿP16TW 06                "
DEBUG:lightify:num: 6
DEBUG:lightify:0 9 50
DEBUG:lightify:light: 6198 841826000001600e P16TW 01 0
DEBUG:lightify:status: 0 ff
DEBUG:lightify:onoff: 1
DEBUG:lightify:temp:  4739
DEBUG:lightify:lum:   100
DEBUG:lightify:red:   1
DEBUG:lightify:green: 0
DEBUG:lightify:blue:  0
DEBUG:lightify:1 59 50
DEBUG:lightify:light: 271 8418260000016767 P16TW 02 0
DEBUG:lightify:status: 0 ff
DEBUG:lightify:onoff: 1
DEBUG:lightify:temp:  6535
DEBUG:lightify:lum:   50
DEBUG:lightify:red:   1
DEBUG:lightify:green: 0
DEBUG:lightify:blue:  0
DEBUG:lightify:2 109 50
DEBUG:lightify:light: 9213 841826000001983b P16TW 03 0
DEBUG:lightify:status: 0 ff
DEBUG:lightify:onoff: 1
DEBUG:lightify:temp:  4739
DEBUG:lightify:lum:   100
DEBUG:lightify:red:   1
DEBUG:lightify:green: 0
DEBUG:lightify:blue:  0
DEBUG:lightify:3 159 50
DEBUG:lightify:light: 58d3 841826000001678b P16TW 04 0
DEBUG:lightify:status: 0 ff
DEBUG:lightify:onoff: 1
DEBUG:lightify:temp:  4739
DEBUG:lightify:lum:   50
DEBUG:lightify:red:   1
DEBUG:lightify:green: 0
DEBUG:lightify:blue:  0
DEBUG:lightify:4 209 50
DEBUG:lightify:light: 57f7 841826000001955c P16TW 05 0
DEBUG:lightify:status: 0 ff
DEBUG:lightify:onoff: 1
DEBUG:lightify:temp:  4739
DEBUG:lightify:lum:   50
DEBUG:lightify:red:   1
DEBUG:lightify:green: 0
DEBUG:lightify:blue:  0
DEBUG:lightify:5 259 50
DEBUG:lightify:light: d03f 8418260000019578 P16TW 06 0
DEBUG:lightify:status: 0 ff
DEBUG:lightify:onoff: 1
DEBUG:lightify:temp:  4739
DEBUG:lightify:lum:   50
DEBUG:lightify:red:   1
DEBUG:lightify:green: 0
DEBUG:lightify:blue:  0
INFO:requests.packages.urllib3.connectionpool:Starting new HTTPS connection (1): eu.lightify-api.org
DEBUG:requests.packages.urllib3.connectionpool:"POST /lightify/services/session HTTP/1.1" 200 65
INFO:requests.packages.urllib3.connectionpool:Starting new HTTPS connection (1): eu.lightify-api.org
DEBUG:requests.packages.urllib3.connectionpool:"GET /lightify/services/device/set?idx=2&onoff=0 HTTP/1.1" 200 16
INFO:requests.packages.urllib3.connectionpool:Starting new HTTPS connection (1): eu.lightify-api.org
DEBUG:requests.packages.urllib3.connectionpool:"GET /lightify/services/device/set?idx=3&onoff=0 HTTP/1.1" 200 16
INFO:requests.packages.urllib3.connectionpool:Starting new HTTPS connection (1): eu.lightify-api.org
DEBUG:requests.packages.urllib3.connectionpool:"GET /lightify/services/device/set?idx=1&onoff=0 HTTP/1.1" 200 16
INFO:requests.packages.urllib3.connectionpool:Starting new HTTPS connection (1): eu.lightify-api.org
DEBUG:requests.packages.urllib3.connectionpool:"GET /lightify/services/device/set?idx=6&onoff=0 HTTP/1.1" 200 16
INFO:requests.packages.urllib3.connectionpool:Starting new HTTPS connection (1): eu.lightify-api.org
DEBUG:requests.packages.urllib3.connectionpool:"GET /lightify/services/device/set?idx=4&onoff=0 HTTP/1.1" 200 16
INFO:requests.packages.urllib3.connectionpool:Starting new HTTPS connection (1): eu.lightify-api.org
DEBUG:requests.packages.urllib3.connectionpool:"GET /lightify/services/device/set?idx=5&onoff=0 HTTP/1.1" 200 16
INFO:requests.packages.urllib3.connectionpool:Starting new HTTPS connection (1): eu.lightify-api.org
DEBUG:requests.packages.urllib3.connectionpool:"GET /lightify/services/device/set?idx=2&onoff=1 HTTP/1.1" 200 16
INFO:requests.packages.urllib3.connectionpool:Starting new HTTPS connection (1): eu.lightify-api.org
DEBUG:requests.packages.urllib3.connectionpool:"GET /lightify/services/device/set?idx=3&onoff=1 HTTP/1.1" 200 16
INFO:requests.packages.urllib3.connectionpool:Starting new HTTPS connection (1): eu.lightify-api.org
DEBUG:requests.packages.urllib3.connectionpool:"GET /lightify/services/device/set?idx=1&onoff=1 HTTP/1.1" 200 16
INFO:requests.packages.urllib3.connectionpool:Starting new HTTPS connection (1): eu.lightify-api.org
DEBUG:requests.packages.urllib3.connectionpool:"GET /lightify/services/device/set?idx=6&onoff=1 HTTP/1.1" 200 16
INFO:requests.packages.urllib3.connectionpool:Starting new HTTPS connection (1): eu.lightify-api.org
DEBUG:requests.packages.urllib3.connectionpool:"GET /lightify/services/device/set?idx=4&onoff=1 HTTP/1.1" 200 16
INFO:requests.packages.urllib3.connectionpool:Starting new HTTPS connection (1): eu.lightify-api.org
DEBUG:requests.packages.urllib3.connectionpool:"GET /lightify/services/device/set?idx=5&onoff=1 HTTP/1.1" 200 16
DEBUG:lightify:sending "070002130000070201"
DEBUG:lightify:2
DEBUG:lightify:Length 309
DEBUG:lightify:Expected 309
DEBUG:lightify:received "309 3501"
DEBUG:lightify:received "    ˜a`  &„  dƒ  ÿP16TW 01                qgg  &„  2‡  ÿP16TW 02                ’;˜  &„  dƒ  ÿP16TW 03                ÓX‹g  &„  2ƒ  ÿP16TW 04                ÷W\•  &„  2ƒ  ÿP16TW 05                ?Ðx•  &„  2ƒ  ÿP16TW 06                "
DEBUG:lightify:num: 6
DEBUG:lightify:0 9 50
DEBUG:lightify:light: 6198 841826000001600e P16TW 01 0
DEBUG:lightify:status: 0 ff
DEBUG:lightify:onoff: 1
DEBUG:lightify:temp:  4739
DEBUG:lightify:lum:   100
DEBUG:lightify:red:   1
DEBUG:lightify:green: 0
DEBUG:lightify:blue:  0
DEBUG:lightify:1 59 50
DEBUG:lightify:light: 271 8418260000016767 P16TW 02 0
DEBUG:lightify:status: 0 ff
DEBUG:lightify:onoff: 1
DEBUG:lightify:temp:  6535
DEBUG:lightify:lum:   50
DEBUG:lightify:red:   1
DEBUG:lightify:green: 0
DEBUG:lightify:blue:  0
DEBUG:lightify:2 109 50
DEBUG:lightify:light: 9213 841826000001983b P16TW 03 0
DEBUG:lightify:status: 0 ff
DEBUG:lightify:onoff: 1
DEBUG:lightify:temp:  4739
DEBUG:lightify:lum:   100
DEBUG:lightify:red:   1
DEBUG:lightify:green: 0
DEBUG:lightify:blue:  0
DEBUG:lightify:3 159 50
DEBUG:lightify:light: 58d3 841826000001678b P16TW 04 0
DEBUG:lightify:status: 0 ff
DEBUG:lightify:onoff: 1
DEBUG:lightify:temp:  4739
DEBUG:lightify:lum:   50
DEBUG:lightify:red:   1
DEBUG:lightify:green: 0
DEBUG:lightify:blue:  0
DEBUG:lightify:4 209 50
DEBUG:lightify:light: 57f7 841826000001955c P16TW 05 0
DEBUG:lightify:status: 0 ff
DEBUG:lightify:onoff: 1
DEBUG:lightify:temp:  4739
DEBUG:lightify:lum:   50
DEBUG:lightify:red:   1
DEBUG:lightify:green: 0
DEBUG:lightify:blue:  0
DEBUG:lightify:5 259 50
DEBUG:lightify:light: d03f 8418260000019578 P16TW 06 0
DEBUG:lightify:status: 0 ff
DEBUG:lightify:onoff: 1
DEBUG:lightify:temp:  4739
DEBUG:lightify:lum:   50
DEBUG:lightify:red:   1
DEBUG:lightify:green: 0
DEBUG:lightify:blue:  0
DEBUG:lightify:sending "0f00003200000703676701000026188400"
DEBUG:lightify:2
DEBUG:lightify:Length 18
DEBUG:lightify:Expected 18
DEBUG:lightify:received "18 1200"
DEBUG:lightify:received "2    gg  &„ "
DEBUG:lightify:sending "0f000032000007043b9801000026188400"
DEBUG:lightify:2
DEBUG:lightify:Length 18
DEBUG:lightify:Expected 18
DEBUG:lightify:received "18 1200"
DEBUG:lightify:received "2    ;˜  &„ "
DEBUG:lightify:sending "0f000032000007050e6001000026188400"
DEBUG:lightify:2
DEBUG:lightify:Length 18
DEBUG:lightify:Expected 18
DEBUG:lightify:received "18 1200"
DEBUG:lightify:received "2    `  &„ "
DEBUG:lightify:sending "0f00003200000706789501000026188400"
DEBUG:lightify:2
DEBUG:lightify:Length 18
DEBUG:lightify:Expected 18
DEBUG:lightify:received "18 1200"
DEBUG:lightify:received "2    x•  &„ "
DEBUG:lightify:sending "0f000032000007078b6701000026188400"
DEBUG:lightify:2
DEBUG:lightify:Length 18
DEBUG:lightify:Expected 18
DEBUG:lightify:received "18 1200"
DEBUG:lightify:received "2    ‹g  &„ "
DEBUG:lightify:sending "0f000032000007085c9501000026188400"
DEBUG:lightify:2
DEBUG:lightify:Length 18
DEBUG:lightify:Expected 18
DEBUG:lightify:received "18 1200"
DEBUG:lightify:received "2    \•  &„ "
DEBUG:lightify:sending "0f00003200000709676701000026188401"
DEBUG:lightify:2
DEBUG:lightify:Length 18
DEBUG:lightify:Expected 18
DEBUG:lightify:received "18 1200"
DEBUG:lightify:received "2  	  gg  &„ "
DEBUG:lightify:sending "0f0000320000070a3b9801000026188401"
DEBUG:lightify:2
DEBUG:lightify:Length 18
DEBUG:lightify:Expected 18
DEBUG:lightify:received "18 1200"
DEBUG:lightify:received "2  
  ;˜  &„ "
DEBUG:lightify:sending "0f0000320000070b0e6001000026188401"
DEBUG:lightify:2
DEBUG:lightify:Length 18
DEBUG:lightify:Expected 18
DEBUG:lightify:received "18 1200"
DEBUG:lightify:received "2    `  &„ "
DEBUG:lightify:sending "0f0000320000070c789501000026188401"
DEBUG:lightify:2
DEBUG:lightify:Length 18
DEBUG:lightify:Expected 18
DEBUG:lightify:received "18 1200"
DEBUG:lightify:received "2    x•  &„ "
DEBUG:lightify:sending "0f0000320000070d8b6701000026188401"
DEBUG:lightify:2
DEBUG:lightify:Length 18
DEBUG:lightify:Expected 18
DEBUG:lightify:received "18 1200"
DEBUG:lightify:received "2    ‹g  &„ "
DEBUG:lightify:sending "0f0000320000070e5c9501000026188401"
DEBUG:lightify:2
DEBUG:lightify:Length 18
DEBUG:lightify:Expected 18
DEBUG:lightify:received "18 1200"
DEBUG:lightify:received "2    \•  &„ "
DEBUG:lightify:sending "070002130000070201"
DEBUG:lightify:2
DEBUG:lightify:Length 309
DEBUG:lightify:Expected 309
DEBUG:lightify:received "309 3501"
DEBUG:lightify:received "    ˜a`  &„  dƒ  ÿP16TW 01                qgg  &„  2‡  ÿP16TW 02                ’;˜  &„  dƒ  ÿP16TW 03                ÓX‹g  &„  2ƒ  ÿP16TW 04                ÷W\•  &„  2ƒ  ÿP16TW 05                ?Ðx•  &„  2ƒ  ÿP16TW 06                "
DEBUG:lightify:num: 6
DEBUG:lightify:0 9 50
DEBUG:lightify:light: 6198 841826000001600e P16TW 01 0
DEBUG:lightify:status: 0 ff
DEBUG:lightify:onoff: 1
DEBUG:lightify:temp:  4739
DEBUG:lightify:lum:   100
DEBUG:lightify:red:   1
DEBUG:lightify:green: 0
DEBUG:lightify:blue:  0
DEBUG:lightify:1 59 50
DEBUG:lightify:light: 271 8418260000016767 P16TW 02 0
DEBUG:lightify:status: 0 ff
DEBUG:lightify:onoff: 1
DEBUG:lightify:temp:  6535
DEBUG:lightify:lum:   50
DEBUG:lightify:red:   1
DEBUG:lightify:green: 0
DEBUG:lightify:blue:  0
DEBUG:lightify:2 109 50
DEBUG:lightify:light: 9213 841826000001983b P16TW 03 0
DEBUG:lightify:status: 0 ff
DEBUG:lightify:onoff: 1
DEBUG:lightify:temp:  4739
DEBUG:lightify:lum:   100
DEBUG:lightify:red:   1
DEBUG:lightify:green: 0
DEBUG:lightify:blue:  0
DEBUG:lightify:3 159 50
DEBUG:lightify:light: 58d3 841826000001678b P16TW 04 0
DEBUG:lightify:status: 0 ff
DEBUG:lightify:onoff: 1
DEBUG:lightify:temp:  4739
DEBUG:lightify:lum:   50
DEBUG:lightify:red:   1
DEBUG:lightify:green: 0
DEBUG:lightify:blue:  0
DEBUG:lightify:4 209 50
DEBUG:lightify:light: 57f7 841826000001955c P16TW 05 0
DEBUG:lightify:status: 0 ff
DEBUG:lightify:onoff: 1
DEBUG:lightify:temp:  4739
DEBUG:lightify:lum:   50
DEBUG:lightify:red:   1
DEBUG:lightify:green: 0
DEBUG:lightify:blue:  0
DEBUG:lightify:5 259 50
DEBUG:lightify:light: d03f 8418260000019578 P16TW 06 0
DEBUG:lightify:status: 0 ff
DEBUG:lightify:onoff: 1
DEBUG:lightify:temp:  4739
DEBUG:lightify:lum:   50
DEBUG:lightify:red:   1
DEBUG:lightify:green: 0
DEBUG:lightify:blue:  0
INFO:requests.packages.urllib3.connectionpool:Starting new HTTP connection (1): 192.168.1.1
DEBUG:requests.packages.urllib3.connectionpool:"PUT /api/Xyy5xjGvRcbd7HUimB2g1Ci21AliT5IHmIK2uR-O/lights/10/state HTTP/1.1" 200 None
INFO:requests.packages.urllib3.connectionpool:Starting new HTTP connection (1): 192.168.1.1
DEBUG:requests.packages.urllib3.connectionpool:"PUT /api/Xyy5xjGvRcbd7HUimB2g1Ci21AliT5IHmIK2uR-O/lights/9/state HTTP/1.1" 200 None
INFO:requests.packages.urllib3.connectionpool:Starting new HTTP connection (1): 192.168.1.1
DEBUG:requests.packages.urllib3.connectionpool:"PUT /api/Xyy5xjGvRcbd7HUimB2g1Ci21AliT5IHmIK2uR-O/lights/4/state HTTP/1.1" 200 None
INFO:requests.packages.urllib3.connectionpool:Starting new HTTP connection (1): 192.168.1.1
DEBUG:requests.packages.urllib3.connectionpool:"PUT /api/Xyy5xjGvRcbd7HUimB2g1Ci21AliT5IHmIK2uR-O/lights/7/state HTTP/1.1" 200 None
INFO:requests.packages.urllib3.connectionpool:Starting new HTTP connection (1): 192.168.1.1
DEBUG:requests.packages.urllib3.connectionpool:"PUT /api/Xyy5xjGvRcbd7HUimB2g1Ci21AliT5IHmIK2uR-O/lights/11/state HTTP/1.1" 200 None
INFO:requests.packages.urllib3.connectionpool:Starting new HTTP connection (1): 192.168.1.1
DEBUG:requests.packages.urllib3.connectionpool:"PUT /api/Xyy5xjGvRcbd7HUimB2g1Ci21AliT5IHmIK2uR-O/lights/6/state HTTP/1.1" 200 None
INFO:requests.packages.urllib3.connectionpool:Starting new HTTP connection (1): 192.168.1.1
DEBUG:requests.packages.urllib3.connectionpool:"PUT /api/Xyy5xjGvRcbd7HUimB2g1Ci21AliT5IHmIK2uR-O/lights/5/state HTTP/1.1" 200 None
DEBUG:lightify:sending "0f000032000007033b9801000026188400"
DEBUG:lightify:2
DEBUG:lightify:Length 18
DEBUG:lightify:Expected 18
DEBUG:lightify:received "18 1200"
DEBUG:lightify:received "2    ;˜  &„ "
DEBUG:lightify:sending "0f00003200000704676701000026188400"
DEBUG:lightify:2
DEBUG:lightify:Length 18
DEBUG:lightify:Expected 18
DEBUG:lightify:received "18 1200"
DEBUG:lightify:received "2    gg  &„ "
INFO:requests.packages.urllib3.connectionpool:Starting new HTTP connection (1): 192.168.1.1
DEBUG:requests.packages.urllib3.connectionpool:"PUT /api/Xyy5xjGvRcbd7HUimB2g1Ci21AliT5IHmIK2uR-O/lights/8/state HTTP/1.1" 200 None
DEBUG:lightify:sending "0f000032000007050e6001000026188400"
DEBUG:lightify:2
DEBUG:lightify:Length 18
DEBUG:lightify:Expected 18
DEBUG:lightify:received "18 1200"
DEBUG:lightify:received "2    `  &„ "
DEBUG:lightify:sending "0f00003200000706789501000026188400"
DEBUG:lightify:2
DEBUG:lightify:Length 18
DEBUG:lightify:Expected 18
DEBUG:lightify:received "18 1200"
DEBUG:lightify:received "2    x•  &„ "
DEBUG:lightify:sending "0f000032000007078b6701000026188400"
DEBUG:lightify:2
DEBUG:lightify:Length 18
DEBUG:lightify:Expected 18
DEBUG:lightify:received "18 1200"
DEBUG:lightify:received "2    ‹g  &„ "
DEBUG:lightify:sending "0f000032000007085c9501000026188400"
DEBUG:lightify:2
DEBUG:lightify:Length 18
DEBUG:lightify:Expected 18
DEBUG:lightify:received "18 1200"
DEBUG:lightify:received "2    \•  &„ "
INFO:requests.packages.urllib3.connectionpool:Starting new HTTP connection (1): 192.168.1.1
DEBUG:requests.packages.urllib3.connectionpool:"PUT /api/Xyy5xjGvRcbd7HUimB2g1Ci21AliT5IHmIK2uR-O/lights/10/state HTTP/1.1" 200 None
INFO:requests.packages.urllib3.connectionpool:Starting new HTTP connection (1): 192.168.1.1
DEBUG:requests.packages.urllib3.connectionpool:"PUT /api/Xyy5xjGvRcbd7HUimB2g1Ci21AliT5IHmIK2uR-O/lights/9/state HTTP/1.1" 200 None
INFO:requests.packages.urllib3.connectionpool:Starting new HTTP connection (1): 192.168.1.1
DEBUG:requests.packages.urllib3.connectionpool:"PUT /api/Xyy5xjGvRcbd7HUimB2g1Ci21AliT5IHmIK2uR-O/lights/4/state HTTP/1.1" 200 None
INFO:requests.packages.urllib3.connectionpool:Starting new HTTP connection (1): 192.168.1.1
DEBUG:requests.packages.urllib3.connectionpool:"PUT /api/Xyy5xjGvRcbd7HUimB2g1Ci21AliT5IHmIK2uR-O/lights/7/state HTTP/1.1" 200 None
INFO:requests.packages.urllib3.connectionpool:Starting new HTTP connection (1): 192.168.1.1
DEBUG:requests.packages.urllib3.connectionpool:"PUT /api/Xyy5xjGvRcbd7HUimB2g1Ci21AliT5IHmIK2uR-O/lights/11/state HTTP/1.1" 200 None
INFO:requests.packages.urllib3.connectionpool:Starting new HTTP connection (1): 192.168.1.1
DEBUG:requests.packages.urllib3.connectionpool:"PUT /api/Xyy5xjGvRcbd7HUimB2g1Ci21AliT5IHmIK2uR-O/lights/6/state HTTP/1.1" 200 None
INFO:requests.packages.urllib3.connectionpool:Starting new HTTP connection (1): 192.168.1.1
DEBUG:requests.packages.urllib3.connectionpool:"PUT /api/Xyy5xjGvRcbd7HUimB2g1Ci21AliT5IHmIK2uR-O/lights/5/state HTTP/1.1" 200 None
DEBUG:lightify:sending "0f000032000007093b9801000026188401"
DEBUG:lightify:2
DEBUG:lightify:Length 18
DEBUG:lightify:Expected 18
DEBUG:lightify:received "18 1200"
DEBUG:lightify:received "2  	  ;˜  &„ "
DEBUG:lightify:sending "0f0000320000070a676701000026188401"
DEBUG:lightify:2
DEBUG:lightify:Length 18
DEBUG:lightify:Expected 18
DEBUG:lightify:received "18 1200"
DEBUG:lightify:received "2  
  gg  &„ "
INFO:requests.packages.urllib3.connectionpool:Starting new HTTP connection (1): 192.168.1.1
DEBUG:requests.packages.urllib3.connectionpool:"PUT /api/Xyy5xjGvRcbd7HUimB2g1Ci21AliT5IHmIK2uR-O/lights/8/state HTTP/1.1" 200 None
DEBUG:lightify:sending "0f0000320000070b0e6001000026188401"
DEBUG:lightify:2
DEBUG:lightify:Length 18
DEBUG:lightify:Expected 18
DEBUG:lightify:received "18 1200"
DEBUG:lightify:received "2    `  &„ "
DEBUG:lightify:sending "0f0000320000070c789501000026188401"
DEBUG:lightify:2
DEBUG:lightify:Length 18
DEBUG:lightify:Expected 18
DEBUG:lightify:received "18 1200"
DEBUG:lightify:received "2    x•  &„ "
DEBUG:lightify:sending "0f0000320000070d8b6701000026188401"
DEBUG:lightify:2
DEBUG:lightify:Length 18
DEBUG:lightify:Expected 18
DEBUG:lightify:received "18 1200"
DEBUG:lightify:received "2    ‹g  &„ "
DEBUG:lightify:sending "0f0000320000070e5c9501000026188401"
DEBUG:lightify:2
DEBUG:lightify:Length 18
DEBUG:lightify:Expected 18
DEBUG:lightify:received "18 1200"
DEBUG:lightify:received "2    \•  &„ "
DEBUG:lightify:sending "070002130000070201"
DEBUG:lightify:2
DEBUG:lightify:Length 309
DEBUG:lightify:Expected 309
DEBUG:lightify:received "309 3501"
DEBUG:lightify:received "    ˜a`  &„  dƒ  ÿP16TW 01                qgg  &„  2‡  ÿP16TW 02                ’;˜  &„  dƒ  ÿP16TW 03                ÓX‹g  &„  2ƒ  ÿP16TW 04                ÷W\•  &„  2ƒ  ÿP16TW 05                ?Ðx•  &„  2ƒ  ÿP16TW 06                "
DEBUG:lightify:num: 6
DEBUG:lightify:0 9 50
DEBUG:lightify:light: 6198 841826000001600e P16TW 01 0
DEBUG:lightify:status: 0 ff
DEBUG:lightify:onoff: 1
DEBUG:lightify:temp:  4739
DEBUG:lightify:lum:   100
DEBUG:lightify:red:   1
DEBUG:lightify:green: 0
DEBUG:lightify:blue:  0
DEBUG:lightify:1 59 50
DEBUG:lightify:light: 271 8418260000016767 P16TW 02 0
DEBUG:lightify:status: 0 ff
DEBUG:lightify:onoff: 1
DEBUG:lightify:temp:  6535
DEBUG:lightify:lum:   50
DEBUG:lightify:red:   1
DEBUG:lightify:green: 0
DEBUG:lightify:blue:  0
DEBUG:lightify:2 109 50
DEBUG:lightify:light: 9213 841826000001983b P16TW 03 0
DEBUG:lightify:status: 0 ff
DEBUG:lightify:onoff: 1
DEBUG:lightify:temp:  4739
DEBUG:lightify:lum:   100
DEBUG:lightify:red:   1
DEBUG:lightify:green: 0
DEBUG:lightify:blue:  0
DEBUG:lightify:3 159 50
DEBUG:lightify:light: 58d3 841826000001678b P16TW 04 0
DEBUG:lightify:status: 0 ff
DEBUG:lightify:onoff: 1
DEBUG:lightify:temp:  4739
DEBUG:lightify:lum:   50
DEBUG:lightify:red:   1
DEBUG:lightify:green: 0
DEBUG:lightify:blue:  0
DEBUG:lightify:4 209 50
DEBUG:lightify:light: 57f7 841826000001955c P16TW 05 0
DEBUG:lightify:status: 0 ff
DEBUG:lightify:onoff: 1
DEBUG:lightify:temp:  4739
DEBUG:lightify:lum:   50
DEBUG:lightify:red:   1
DEBUG:lightify:green: 0
DEBUG:lightify:blue:  0
DEBUG:lightify:5 259 50
DEBUG:lightify:light: d03f 8418260000019578 P16TW 06 0
DEBUG:lightify:status: 0 ff
DEBUG:lightify:onoff: 1
DEBUG:lightify:temp:  4739
DEBUG:lightify:lum:   50
DEBUG:lightify:red:   1
DEBUG:lightify:green: 0
DEBUG:lightify:blue:  0
DEBUG:lightify:sending "070002130000070201"
DEBUG:lightify:2
DEBUG:lightify:Length 309
DEBUG:lightify:Expected 309
DEBUG:lightify:received "309 3501"
DEBUG:lightify:received "    ˜a`  &„  dƒ  ÿP16TW 01                qgg  &„  2‡  ÿP16TW 02                ’;˜  &„  dƒ  ÿP16TW 03                ÓX‹g  &„  2ƒ  ÿP16TW 04                ÷W\•  &„  2ƒ  ÿP16TW 05                ?Ðx•  &„  2ƒ  ÿP16TW 06                "
DEBUG:lightify:num: 6
DEBUG:lightify:0 9 50
DEBUG:lightify:light: 6198 841826000001600e P16TW 01 0
DEBUG:lightify:status: 0 ff
DEBUG:lightify:onoff: 1
DEBUG:lightify:temp:  4739
DEBUG:lightify:lum:   100
DEBUG:lightify:red:   1
DEBUG:lightify:green: 0
DEBUG:lightify:blue:  0
DEBUG:lightify:1 59 50
DEBUG:lightify:light: 271 8418260000016767 P16TW 02 0
DEBUG:lightify:status: 0 ff
DEBUG:lightify:onoff: 1
DEBUG:lightify:temp:  6535
DEBUG:lightify:lum:   50
DEBUG:lightify:red:   1
DEBUG:lightify:green: 0
DEBUG:lightify:blue:  0
DEBUG:lightify:2 109 50
DEBUG:lightify:light: 9213 841826000001983b P16TW 03 0
DEBUG:lightify:status: 0 ff
DEBUG:lightify:onoff: 1
DEBUG:lightify:temp:  4739
DEBUG:lightify:lum:   100
DEBUG:lightify:red:   1
DEBUG:lightify:green: 0
DEBUG:lightify:blue:  0
DEBUG:lightify:3 159 50
DEBUG:lightify:light: 58d3 841826000001678b P16TW 04 0
DEBUG:lightify:status: 0 ff
DEBUG:lightify:onoff: 1
DEBUG:lightify:temp:  4739
DEBUG:lightify:lum:   50
DEBUG:lightify:red:   1
DEBUG:lightify:green: 0
DEBUG:lightify:blue:  0
DEBUG:lightify:4 209 50
DEBUG:lightify:light: 57f7 841826000001955c P16TW 05 0
DEBUG:lightify:status: 0 ff
DEBUG:lightify:onoff: 1
DEBUG:lightify:temp:  4739
DEBUG:lightify:lum:   50
DEBUG:lightify:red:   1
DEBUG:lightify:green: 0
DEBUG:lightify:blue:  0
DEBUG:lightify:5 259 50
DEBUG:lightify:light: d03f 8418260000019578 P16TW 06 0
DEBUG:lightify:status: 0 ff
DEBUG:lightify:onoff: 1
DEBUG:lightify:temp:  4739
DEBUG:lightify:lum:   50
DEBUG:lightify:red:   1
DEBUG:lightify:green: 0
DEBUG:lightify:blue:  0
DEBUG:lightify:sending "070002130000070201"
DEBUG:lightify:2
DEBUG:lightify:Length 309
DEBUG:lightify:Expected 309
DEBUG:lightify:received "309 3501"
DEBUG:lightify:received "    ˜a`  &„  dƒ  ÿP16TW 01                qgg  &„  2‡  ÿP16TW 02                ’;˜  &„  dƒ  ÿP16TW 03                ÓX‹g  &„  2ƒ  ÿP16TW 04                ÷W\•  &„  2ƒ  ÿP16TW 05                ?Ðx•  &„  2ƒ  ÿP16TW 06                "
DEBUG:lightify:num: 6
DEBUG:lightify:0 9 50
DEBUG:lightify:light: 6198 841826000001600e P16TW 01 0
DEBUG:lightify:status: 0 ff
DEBUG:lightify:onoff: 1
DEBUG:lightify:temp:  4739
DEBUG:lightify:lum:   100
DEBUG:lightify:red:   1
DEBUG:lightify:green: 0
DEBUG:lightify:blue:  0
DEBUG:lightify:1 59 50
DEBUG:lightify:light: 271 8418260000016767 P16TW 02 0
DEBUG:lightify:status: 0 ff
DEBUG:lightify:onoff: 1
DEBUG:lightify:temp:  6535
DEBUG:lightify:lum:   50
DEBUG:lightify:red:   1
DEBUG:lightify:green: 0
DEBUG:lightify:blue:  0
DEBUG:lightify:2 109 50
DEBUG:lightify:light: 9213 841826000001983b P16TW 03 0
DEBUG:lightify:status: 0 ff
DEBUG:lightify:onoff: 1
DEBUG:lightify:temp:  4739
DEBUG:lightify:lum:   100
DEBUG:lightify:red:   1
DEBUG:lightify:green: 0
DEBUG:lightify:blue:  0
DEBUG:lightify:3 159 50
DEBUG:lightify:light: 58d3 841826000001678b P16TW 04 0
DEBUG:lightify:status: 0 ff
DEBUG:lightify:onoff: 1
DEBUG:lightify:temp:  4739
DEBUG:lightify:lum:   50
DEBUG:lightify:red:   1
DEBUG:lightify:green: 0
DEBUG:lightify:blue:  0
DEBUG:lightify:4 209 50
DEBUG:lightify:light: 57f7 841826000001955c P16TW 05 0
DEBUG:lightify:status: 0 ff
DEBUG:lightify:onoff: 1
DEBUG:lightify:temp:  4739
DEBUG:lightify:lum:   50
DEBUG:lightify:red:   1
DEBUG:lightify:green: 0
DEBUG:lightify:blue:  0
DEBUG:lightify:5 259 50
DEBUG:lightify:light: d03f 8418260000019578 P16TW 06 0
DEBUG:lightify:status: 0 ff
DEBUG:lightify:onoff: 1
DEBUG:lightify:temp:  4739
DEBUG:lightify:lum:   50
DEBUG:lightify:red:   1
DEBUG:lightify:green: 0
DEBUG:lightify:blue:  0
